###############################################################################
#
# IAR ELF Linker V8.40.1.212/W32 for ARM                  31/May/2025  15:45:17
# Copyright 2007-2019 IAR Systems AB.
#
#    Output file  =
#        d:\4_cty\2_hoc_tap\5_github\STM32\STM32_OOP_Embedded\week-1\Day-3\Code-Day3\EWARM\OPP-ledBlink\Exe\OPP-ledBlink.out
#    Map file     =
#        d:\4_cty\2_hoc_tap\5_github\STM32\STM32_OOP_Embedded\week-1\Day-3\Code-Day3\EWARM\OPP-ledBlink\List\OPP-ledBlink.map
#    Command line =
#        -f C:\Users\HighD\AppData\Local\Temp\EWCC5D.tmp
#        (d:\4_cty\2_hoc_tap\5_github\STM32\STM32_OOP_Embedded\week-1\Day-3\Code-Day3\EWARM\OPP-ledBlink\Obj\config.o
#        d:\4_cty\2_hoc_tap\5_github\STM32\STM32_OOP_Embedded\week-1\Day-3\Code-Day3\EWARM\OPP-ledBlink\Obj\gpio.o
#        d:\4_cty\2_hoc_tap\5_github\STM32\STM32_OOP_Embedded\week-1\Day-3\Code-Day3\EWARM\OPP-ledBlink\Obj\iwdg.o
#        d:\4_cty\2_hoc_tap\5_github\STM32\STM32_OOP_Embedded\week-1\Day-3\Code-Day3\EWARM\OPP-ledBlink\Obj\main.o
#        d:\4_cty\2_hoc_tap\5_github\STM32\STM32_OOP_Embedded\week-1\Day-3\Code-Day3\EWARM\OPP-ledBlink\Obj\module_led.o
#        d:\4_cty\2_hoc_tap\5_github\STM32\STM32_OOP_Embedded\week-1\Day-3\Code-Day3\EWARM\OPP-ledBlink\Obj\startup_stm32f103xe.o
#        d:\4_cty\2_hoc_tap\5_github\STM32\STM32_OOP_Embedded\week-1\Day-3\Code-Day3\EWARM\OPP-ledBlink\Obj\stm32f1xx_hal.o
#        d:\4_cty\2_hoc_tap\5_github\STM32\STM32_OOP_Embedded\week-1\Day-3\Code-Day3\EWARM\OPP-ledBlink\Obj\stm32f1xx_hal_cortex.o
#        d:\4_cty\2_hoc_tap\5_github\STM32\STM32_OOP_Embedded\week-1\Day-3\Code-Day3\EWARM\OPP-ledBlink\Obj\stm32f1xx_hal_dma.o
#        d:\4_cty\2_hoc_tap\5_github\STM32\STM32_OOP_Embedded\week-1\Day-3\Code-Day3\EWARM\OPP-ledBlink\Obj\stm32f1xx_hal_exti.o
#        d:\4_cty\2_hoc_tap\5_github\STM32\STM32_OOP_Embedded\week-1\Day-3\Code-Day3\EWARM\OPP-ledBlink\Obj\stm32f1xx_hal_flash.o
#        d:\4_cty\2_hoc_tap\5_github\STM32\STM32_OOP_Embedded\week-1\Day-3\Code-Day3\EWARM\OPP-ledBlink\Obj\stm32f1xx_hal_flash_ex.o
#        d:\4_cty\2_hoc_tap\5_github\STM32\STM32_OOP_Embedded\week-1\Day-3\Code-Day3\EWARM\OPP-ledBlink\Obj\stm32f1xx_hal_gpio.o
#        d:\4_cty\2_hoc_tap\5_github\STM32\STM32_OOP_Embedded\week-1\Day-3\Code-Day3\EWARM\OPP-ledBlink\Obj\stm32f1xx_hal_gpio_ex.o
#        d:\4_cty\2_hoc_tap\5_github\STM32\STM32_OOP_Embedded\week-1\Day-3\Code-Day3\EWARM\OPP-ledBlink\Obj\stm32f1xx_hal_iwdg.o
#        d:\4_cty\2_hoc_tap\5_github\STM32\STM32_OOP_Embedded\week-1\Day-3\Code-Day3\EWARM\OPP-ledBlink\Obj\stm32f1xx_hal_msp.o
#        d:\4_cty\2_hoc_tap\5_github\STM32\STM32_OOP_Embedded\week-1\Day-3\Code-Day3\EWARM\OPP-ledBlink\Obj\stm32f1xx_hal_pwr.o
#        d:\4_cty\2_hoc_tap\5_github\STM32\STM32_OOP_Embedded\week-1\Day-3\Code-Day3\EWARM\OPP-ledBlink\Obj\stm32f1xx_hal_rcc.o
#        d:\4_cty\2_hoc_tap\5_github\STM32\STM32_OOP_Embedded\week-1\Day-3\Code-Day3\EWARM\OPP-ledBlink\Obj\stm32f1xx_hal_rcc_ex.o
#        d:\4_cty\2_hoc_tap\5_github\STM32\STM32_OOP_Embedded\week-1\Day-3\Code-Day3\EWARM\OPP-ledBlink\Obj\stm32f1xx_hal_tim.o
#        d:\4_cty\2_hoc_tap\5_github\STM32\STM32_OOP_Embedded\week-1\Day-3\Code-Day3\EWARM\OPP-ledBlink\Obj\stm32f1xx_hal_tim_ex.o
#        d:\4_cty\2_hoc_tap\5_github\STM32\STM32_OOP_Embedded\week-1\Day-3\Code-Day3\EWARM\OPP-ledBlink\Obj\stm32f1xx_it.o
#        d:\4_cty\2_hoc_tap\5_github\STM32\STM32_OOP_Embedded\week-1\Day-3\Code-Day3\EWARM\OPP-ledBlink\Obj\system_stm32f1xx.o
#        --no_out_extension -o
#        d:\4_cty\2_hoc_tap\5_github\STM32\STM32_OOP_Embedded\week-1\Day-3\Code-Day3\EWARM\OPP-ledBlink\Exe\OPP-ledBlink.out
#        --redirect _Printf=_PrintfFullNoMb --redirect _Scanf=_ScanfFullNoMb
#        --map
#        d:\4_cty\2_hoc_tap\5_github\STM32\STM32_OOP_Embedded\week-1\Day-3\Code-Day3\EWARM\OPP-ledBlink\List\OPP-ledBlink.map
#        --config
#        d:\4_cty\2_hoc_tap\5_github\STM32\STM32_OOP_Embedded\week-1\Day-3\Code-Day3\EWARM/stm32f103xe_flash.icf
#        --semihosting --entry __iar_program_start --vfe --text_out locale)
#
###############################################################################

*******************************************************************************
*** RUNTIME MODEL ATTRIBUTES
***

CppFlavor                     = *
__CPP_Exceptions              = Disabled
__CPP_Language                = C++14
__Heap_Handler                = Basic
__SystemLibrary               = DLib
__dlib_dynamic_initialization = normal
__dlib_version                = 6


*******************************************************************************
*** HEAP SELECTION
***

The basic heap was selected because no calls to memory allocation
functions were found in the application outside of system library
functions, and there are calls to deallocation functions in the
application.


*******************************************************************************
*** PLACEMENT SUMMARY
***

"A0":  place at address 0x800'0000 { ro section .intvec };
"P1":  place in [from 0x800'0000 to 0x807'ffff] { ro };
define block CSTACK with size = 1K, alignment = 8 { };
define block HEAP with size = 512, alignment = 8 { };
"P2":  place in [from 0x2000'0000 to 0x2000'ffff] {
          rw, block CSTACK, block HEAP };
initialize by copy { rw };

  Section                Kind         Address   Size  Object
  -------                ----         -------   ----  ------
"A0":                                          0x130
  .intvec                ro code   0x800'0000  0x130  startup_stm32f103xe.o [1]
                                 - 0x800'0130  0x130

"P1":                                          0xdfd
  .text                  ro code   0x800'0130  0x496  stm32f1xx_hal_rcc.o [1]
  .rodata                const     0x800'05c6    0x1  unwind_debug.o [5]
  .text                  ro code   0x800'05c8    0xc  stm32f1xx_hal.o [1]
  .text                  ro code   0x800'05d4   0x40  stm32f1xx_hal.o [1]
  .text                  ro code   0x800'0614   0xac  stm32f1xx_hal_cortex.o [1]
  .text                  ro code   0x800'06c0  0x1d8  stm32f1xx_hal_gpio.o [1]
  .text                  ro code   0x800'0898   0xa8  module_led.o [1]
  .text                  ro code   0x800'0940   0x28  stm32f1xx_hal.o [1]
  .text                  ro code   0x800'0968   0xa0  cppinit.o [2]
  .text                  ro code   0x800'0a08   0x84  main.o [1]
  .text                  ro code   0x800'0a8c    0xa  cxxabi.o [3]
  .text                  ro code   0x800'0a98   0x24  stm32f1xx_hal.o [1]
  .text                  ro code   0x800'0abc   0x6e  config.o [1]
  .text                  ro code   0x800'0b2c   0x7c  gpio.o [1]
  .text                  ro code   0x800'0ba8   0x2c  iwdg.o [1]
  .text                  ro code   0x800'0bd4   0x62  stm32f1xx_hal_iwdg.o [1]
  .text                  ro code   0x800'0c38   0x44  stm32f1xx_hal_msp.o [1]
  .text                  ro code   0x800'0c7c   0x14  memset.o [4]
  .text                  ro code   0x800'0c90   0x66  ABImemset.o [4]
  .text                  ro code   0x800'0cf6   0x38  packbits_init_single.o [4]
  .text                  ro code   0x800'0d30   0x28  data_init.o [4]
  .iar.init_table        const     0x800'0d58   0x14  - Linker created -
  .text                  ro code   0x800'0d6c   0x20  cmain_call_ctors.o [4]
  .text                  ro code   0x800'0d8c   0x1e  cmain.o [4]
  .text                  ro code   0x800'0daa    0x4  low_level_init.o [2]
  .text                  ro code   0x800'0dae    0x4  exit.o [2]
  .text                  ro code   0x800'0db4    0xe  cexit.o [4]
  .text                  ro code   0x800'0dc4   0x14  exit.o [5]
  .text                  ro code   0x800'0dd8   0x14  stm32f1xx_it.o [1]
  .text                  ro code   0x800'0dec   0x10  stm32f1xx_hal.o [1]
  .text                  ro code   0x800'0dfc   0x14  system_stm32f1xx.o [1]
  .text                  ro code   0x800'0e10   0x10  startup_stm32f103xe.o [1]
  .text                  ro code   0x800'0e20    0xc  cstartup_M.o [4]
  .text                  ro code   0x800'0e2c    0x4  startup_stm32f103xe.o [1]
  .text                  ro code   0x800'0e30    0x4  startup_stm32f103xe.o [1]
  .text                  ro code   0x800'0e34    0x4  startup_stm32f103xe.o [1]
  .text                  ro code   0x800'0e38    0x4  startup_stm32f103xe.o [1]
  .text                  ro code   0x800'0e3c    0x4  startup_stm32f103xe.o [1]
  .text                  ro code   0x800'0e40    0x4  startup_stm32f103xe.o [1]
  .text                  ro code   0x800'0e44    0x4  startup_stm32f103xe.o [1]
  .text                  ro code   0x800'0e48    0x4  startup_stm32f103xe.o [1]
  .text                  ro code   0x800'0e4c    0x4  startup_stm32f103xe.o [1]
  .text                  ro code   0x800'0e50    0x4  startup_stm32f103xe.o [1]
  .text                  ro code   0x800'0e54    0x4  startup_stm32f103xe.o [1]
  .text                  ro code   0x800'0e58    0x4  startup_stm32f103xe.o [1]
  .text                  ro code   0x800'0e5c    0x4  startup_stm32f103xe.o [1]
  .text                  ro code   0x800'0e60    0x4  startup_stm32f103xe.o [1]
  .text                  ro code   0x800'0e64    0x4  startup_stm32f103xe.o [1]
  .text                  ro code   0x800'0e68    0x4  startup_stm32f103xe.o [1]
  .text                  ro code   0x800'0e6c    0x4  startup_stm32f103xe.o [1]
  .text                  ro code   0x800'0e70    0x4  startup_stm32f103xe.o [1]
  .text                  ro code   0x800'0e74    0x4  startup_stm32f103xe.o [1]
  .text                  ro code   0x800'0e78    0x4  startup_stm32f103xe.o [1]
  .text                  ro code   0x800'0e7c    0x4  startup_stm32f103xe.o [1]
  .text                  ro code   0x800'0e80    0x4  startup_stm32f103xe.o [1]
  .text                  ro code   0x800'0e84    0x4  startup_stm32f103xe.o [1]
  .text                  ro code   0x800'0e88    0x4  startup_stm32f103xe.o [1]
  .text                  ro code   0x800'0e8c    0x4  startup_stm32f103xe.o [1]
  .text                  ro code   0x800'0e90    0x4  startup_stm32f103xe.o [1]
  .text                  ro code   0x800'0e94    0x4  startup_stm32f103xe.o [1]
  .text                  ro code   0x800'0e98    0x4  startup_stm32f103xe.o [1]
  .text                  ro code   0x800'0e9c    0x4  startup_stm32f103xe.o [1]
  .text                  ro code   0x800'0ea0    0x4  startup_stm32f103xe.o [1]
  .text                  ro code   0x800'0ea4    0x4  startup_stm32f103xe.o [1]
  .text                  ro code   0x800'0ea8    0x4  startup_stm32f103xe.o [1]
  .text                  ro code   0x800'0eac    0x4  startup_stm32f103xe.o [1]
  .text                  ro code   0x800'0eb0    0x4  startup_stm32f103xe.o [1]
  .text                  ro code   0x800'0eb4    0x4  startup_stm32f103xe.o [1]
  .text                  ro code   0x800'0eb8    0x4  startup_stm32f103xe.o [1]
  .text                  ro code   0x800'0ebc    0x4  startup_stm32f103xe.o [1]
  .text                  ro code   0x800'0ec0    0x4  startup_stm32f103xe.o [1]
  .text                  ro code   0x800'0ec4    0x4  startup_stm32f103xe.o [1]
  .text                  ro code   0x800'0ec8    0x4  startup_stm32f103xe.o [1]
  .text                  ro code   0x800'0ecc    0x4  startup_stm32f103xe.o [1]
  .text                  ro code   0x800'0ed0    0x4  startup_stm32f103xe.o [1]
  .text                  ro code   0x800'0ed4    0x4  startup_stm32f103xe.o [1]
  .text                  ro code   0x800'0ed8    0x4  startup_stm32f103xe.o [1]
  .text                  ro code   0x800'0edc    0x4  startup_stm32f103xe.o [1]
  .text                  ro code   0x800'0ee0    0x4  startup_stm32f103xe.o [1]
  .text                  ro code   0x800'0ee4    0x4  startup_stm32f103xe.o [1]
  .text                  ro code   0x800'0ee8    0x4  startup_stm32f103xe.o [1]
  .text                  ro code   0x800'0eec    0x4  startup_stm32f103xe.o [1]
  .text                  ro code   0x800'0ef0    0x4  startup_stm32f103xe.o [1]
  .text                  ro code   0x800'0ef4    0x4  startup_stm32f103xe.o [1]
  .text                  ro code   0x800'0ef8    0x4  startup_stm32f103xe.o [1]
  .text                  ro code   0x800'0efc    0x4  startup_stm32f103xe.o [1]
  .text                  ro code   0x800'0f00    0x4  startup_stm32f103xe.o [1]
  .text                  ro code   0x800'0f04    0x4  startup_stm32f103xe.o [1]
  .text                  ro code   0x800'0f08    0x4  startup_stm32f103xe.o [1]
  .text                  ro code   0x800'0f0c    0x4  startup_stm32f103xe.o [1]
  .text                  ro code   0x800'0f10    0x4  startup_stm32f103xe.o [1]
  .text                  ro code   0x800'0f14    0x4  startup_stm32f103xe.o [1]
  .text                  ro code   0x800'0f18    0x4  startup_stm32f103xe.o [1]
  SHT$$PREINIT_ARRAY               0x800'0f1c    0x0  <Block>
  SHT$$INIT_ARRAY                  0x800'0f1c    0x4  <Block>
    .init_array          const     0x800'0f1c    0x4  main.o [1]
  __iar_tls$$INIT_ARRAY            0x800'0f20    0x0  <Block>
  .text                  ro code   0x800'0f20    0x0  cstart_call_dtors.o [4]
  .rodata                const     0x800'0f20    0x0  packbits_init_single.o [4]
  Initializer bytes      const     0x800'0f20    0xd  <for P2-1>
                                 - 0x800'0f2d  0xdfd

"P2", part 1 of 2:                              0x4d
  P2-1                            0x2000'0000   0x4d  <Init block>
    .data                inited   0x2000'0000    0xc  stm32f1xx_hal.o [1]
    .data                inited   0x2000'000c    0x4  system_stm32f1xx.o [1]
    .bss                 inited   0x2000'0010    0xc  iwdg.o [1]
    .bss                 inited   0x2000'001c   0x28  main.o [1]
    .bss                 inited   0x2000'0044    0x4  cppinit.o [2]
    .bss                 inited   0x2000'0048    0x4  cppinit.o [2]
    .bss                 inited   0x2000'004c    0x1  module_led.o [1]
                                - 0x2000'004d   0x4d

"P2", part 2 of 2:                             0x598
  .iar.dynexit                    0x2000'0050  0x198  <Block>
    .iar.dynexit         uninit   0x2000'0050    0xc  cppinit.o [2]
    .iar.dynexit         uninit   0x2000'005c  0x18c  <Block tail>
  CSTACK                          0x2000'01e8  0x400  <Block>
    CSTACK               uninit   0x2000'01e8  0x400  <Block tail>
                                - 0x2000'05e8  0x598

Unused ranges:

         From           To      Size
         ----           --      ----
   0x800'0f2d   0x807'ffff  0x7'f0d3
  0x2000'004d  0x2000'004f       0x3
  0x2000'05e8  0x2000'ffff    0xfa18


*******************************************************************************
*** INIT TABLE
***

          Address      Size
          -------      ----
Copy/packbits (__iar_packbits_init_single3)
    1 source range, total size 0xd (16% of destination):
           0x800'0f20   0xd
    1 destination range, total size 0x4d:
          0x2000'0000  0x4d

Extra (__iar_cstart_call_ctors)



*******************************************************************************
*** MODULE SUMMARY
***

    Module                  ro code  ro data  rw data
    ------                  -------  -------  -------
command line/config:
    -------------------------------------------------
    Total:

d:\4_cty\2_hoc_tap\5_github\STM32\STM32_OOP_Embedded\week-1\Day-3\Code-Day3\EWARM\OPP-ledBlink\Obj: [1]
    config.o                    110
    gpio.o                      124
    iwdg.o                       44        2       12
    main.o                      132       11       40
    module_led.o                168        1        1
    startup_stm32f103xe.o       560
    stm32f1xx_hal.o             168        2       12
    stm32f1xx_hal_cortex.o      172
    stm32f1xx_hal_gpio.o        472
    stm32f1xx_hal_iwdg.o         98
    stm32f1xx_hal_msp.o          68
    stm32f1xx_hal_rcc.o       1'174
    stm32f1xx_it.o               20
    system_stm32f1xx.o           20                 4
    -------------------------------------------------
    Total:                    3'330       16       69

dl7M_tln.a: [2]
    cppinit.o                   160        1       20
    exit.o                        4
    low_level_init.o              4
    -------------------------------------------------
    Total:                      168        1       20

dlpp7M_tl_nc.a: [3]
    cxxabi.o                     10
    -------------------------------------------------
    Total:                       10

rt7M_tl.a: [4]
    ABImemset.o                 102
    cexit.o                      14
    cmain.o                      30
    cmain_call_ctors.o           32
    cstart_call_dtors.o
    cstartup_M.o                 12
    data_init.o                  40
    memset.o                     20
    packbits_init_single.o       56
    -------------------------------------------------
    Total:                      306

shb_l.a: [5]
    exit.o                       20
    unwind_debug.o                         1
    -------------------------------------------------
    Total:                       20        1

    Gaps                         13
    Linker created                        20    1'420
-----------------------------------------------------
    Grand Total:              3'847       38    1'509


*******************************************************************************
*** ENTRY LIST
***

Entry                       Address   Size  Type      Object
-----                       -------   ----  ----      ------
.iar.dynexit$$Base      0x2000'0050          --   Gb  - Linker created -
.iar.dynexit$$Limit     0x2000'01e8          --   Gb  - Linker created -
.iar.init_table$$Base    0x800'0d58          --   Gb  - Linker created -
.iar.init_table$$Limit   0x800'0d6c          --   Gb  - Linker created -
?main                    0x800'0d8d         Code  Gb  cmain.o [4]
AHBPrescTable            0x800'0e00   0x10  Data  Gb  system_stm32f1xx.o [1]
BusFault_Handler         0x800'0ddf    0x2  Code  Gb  stm32f1xx_it.o [1]
CSTACK$$Base            0x2000'01e8          --   Gb  - Linker created -
CSTACK$$Limit           0x2000'05e8          --   Gb  - Linker created -
DebugMon_Handler         0x800'0de5    0x2  Code  Gb  stm32f1xx_it.o [1]
DtorRecArray            0x2000'0050    0xc  Data  Lc  cppinit.o [2]
Error_Handler            0x800'0b27    0x4  Code  Gb  config.o [1]
HAL_Delay                0x800'0941   0x28  Code  Wk  stm32f1xx_hal.o [1]
HAL_GPIO_Init            0x800'06c1  0x194  Code  Gb  stm32f1xx_hal_gpio.o [1]
HAL_GPIO_WritePin        0x800'0855    0x8  Code  Gb  stm32f1xx_hal_gpio.o [1]
HAL_GetTick              0x800'05c9    0xc  Code  Wk  stm32f1xx_hal.o [1]
HAL_IWDG_Init            0x800'0bd5   0x56  Code  Gb  stm32f1xx_hal_iwdg.o [1]
HAL_IWDG_Refresh         0x800'0c2b    0xc  Code  Gb  stm32f1xx_hal_iwdg.o [1]
HAL_IncTick              0x800'0ded   0x10  Code  Wk  stm32f1xx_hal.o [1]
HAL_Init                 0x800'0a99   0x20  Code  Gb  stm32f1xx_hal.o [1]
HAL_InitTick             0x800'05d5   0x40  Code  Wk  stm32f1xx_hal.o [1]
HAL_MspInit              0x800'0c39   0x44  Code  Gb  stm32f1xx_hal_msp.o [1]
HAL_NVIC_SetPriority     0x800'0649   0x3a  Code  Gb  stm32f1xx_hal_cortex.o [1]
HAL_NVIC_SetPriorityGrouping
                         0x800'062f   0x1a  Code  Gb  stm32f1xx_hal_cortex.o [1]
HAL_RCC_ClockConfig      0x800'0445   0xf4  Code  Gb  stm32f1xx_hal_rcc.o [1]
HAL_RCC_GetSysClockFreq
                         0x800'054d   0x3a  Code  Gb  stm32f1xx_hal_rcc.o [1]
HAL_RCC_GetSysClockFreq::aPLLMULFactorTable
                         0x800'05b4   0x10  Data  Lc  stm32f1xx_hal_rcc.o [1]
HAL_RCC_GetSysClockFreq::aPredivFactorTable
                         0x800'05c4    0x2  Data  Lc  stm32f1xx_hal_rcc.o [1]
HAL_RCC_OscConfig        0x800'0131  0x30c  Code  Gb  stm32f1xx_hal_rcc.o [1]
HAL_SYSTICK_Config       0x800'0683   0x28  Code  Gb  stm32f1xx_hal_cortex.o [1]
HardFault_Handler        0x800'0ddb    0x2  Code  Gb  stm32f1xx_it.o [1]
LED::LED(GPIO_TypeDef *, unsigned short)
                         0x800'0899    0xe  Code  Gb  module_led.o [1]
LED::off()               0x800'08b1    0xa  Code  Gb  module_led.o [1]
LED::toggle()            0x800'08bb   0x12  Code  Gb  module_led.o [1]
LED::toggle_On_OFF_number(unsigned char, unsigned short)
                         0x800'091d   0x24  Code  Gb  module_led.o [1]
LED::toggle_On_OFF_time(uint32_t, uint32_t)::b_toggleStatusLED
                        0x2000'004c    0x1  Data  Lc  module_led.o [1]
LED::toggle_On_OFF_time(unsigned int, unsigned int)
                         0x800'08cd   0x4a  Code  Gb  module_led.o [1]
LED::~LED()              0x800'08a9    0x2  Code  Gb  module_led.o [1]
MX_GPIO_Init             0x800'0b2d   0x7c  Code  Gb  gpio.o [1]
MX_IWDG_Init             0x800'0ba9   0x2c  Code  Gb  iwdg.o [1]
MemManage_Handler        0x800'0ddd    0x2  Code  Gb  stm32f1xx_it.o [1]
NMI_Handler              0x800'0dd9    0x2  Code  Gb  stm32f1xx_it.o [1]
PendSV_Handler           0x800'0de7    0x2  Code  Gb  stm32f1xx_it.o [1]
Region$$Table$$Base      0x800'0d58          --   Gb  - Linker created -
Region$$Table$$Limit     0x800'0d6c          --   Gb  - Linker created -
SHT$$INIT_ARRAY$$Base    0x800'0f1c          --   Gb  - Linker created -
SHT$$INIT_ARRAY$$Limit   0x800'0f20          --   Gb  - Linker created -
SHT$$PREINIT_ARRAY$$Base
                         0x800'0f1c          --   Gb  - Linker created -
SHT$$PREINIT_ARRAY$$Limit
                         0x800'0f1c          --   Gb  - Linker created -
SVC_Handler              0x800'0de3    0x2  Code  Gb  stm32f1xx_it.o [1]
SysTick_Handler          0x800'0de9    0x4  Code  Gb  stm32f1xx_it.o [1]
SystemClock_Config       0x800'0abd   0x6a  Code  Gb  config.o [1]
SystemCoreClock         0x2000'000c    0x4  Data  Gb  system_stm32f1xx.o [1]
SystemInit               0x800'0dfd    0x2  Code  Gb  system_stm32f1xx.o [1]
UsageFault_Handler       0x800'0de1    0x2  Code  Gb  stm32f1xx_it.o [1]
[local to stm32f1xx_hal_cortex_c]::__NVIC_SetPriority(IRQn_Type, unsigned int)
                         0x800'0615   0x1a  Code  Lc  stm32f1xx_hal_cortex.o [1]
__aeabi_atexit           0x800'0a8d    0xa  Code  Gb  cxxabi.o [3]
__aeabi_memset           0x800'0c91         Code  Gb  ABImemset.o [4]
__call_ctors             0x800'0969   0x18  Code  Gb  cppinit.o [2]
__call_dtors             0x800'09b7    0xc  Code  Gb  cppinit.o [2]
__call_dtors0            0x800'09c3   0x36  Code  Gb  cppinit.o [2]
__cexit_call_dtors       0x800'0db7         Code  Gb  cexit.o [4]
__cmain                  0x800'0d8d         Code  Gb  cmain.o [4]
__cstart_call_dtors      0x800'0f20         Data  Gb  cstart_call_dtors.o [4]
__cxa_atexit             0x800'0981   0x36  Code  Gb  cppinit.o [2]
__dso_handle            0x2000'0048    0x4  Data  Gb  cppinit.o [2]
__exit                   0x800'0dc5   0x14  Code  Gb  exit.o [5]
__iar_Memset             0x800'0c91         Code  Gb  ABImemset.o [4]
__iar_Memset_word        0x800'0c99         Code  Gb  ABImemset.o [4]
__iar_cstart_call_ctors
                         0x800'0d6d   0x20  Code  Gb  cmain_call_ctors.o [4]
__iar_data_init3         0x800'0d31   0x28  Code  Gb  data_init.o [4]
__iar_debug_exceptions   0x800'05c6    0x1  Data  Gb  unwind_debug.o [5]
__iar_packbits_init_single3
                         0x800'0cf7   0x38  Code  Gb  packbits_init_single.o [4]
__iar_program_start      0x800'0e21         Code  Gb  cstartup_M.o [4]
__iar_tls$$INIT_ARRAY$$Base
                         0x800'0f20          --   Gb  - Linker created -
__iar_tls$$INIT_ARRAY$$Limit
                         0x800'0f20          --   Gb  - Linker created -
__low_level_init         0x800'0dab    0x4  Code  Gb  low_level_init.o [2]
__sti__routine           0x800'0a09   0x38  Code  Lc  main.o [1]
__vector_table           0x800'0000         Data  Gb  startup_stm32f103xe.o [1]
_call_main               0x800'0d99         Code  Gb  cmain.o [4]
_exit                    0x800'0db5         Code  Gb  cexit.o [4]
_main                    0x800'0da7         Code  Gb  cmain.o [4]
buzzer                  0x2000'0030   0x14  Data  Gb  main.o [1]
exit                     0x800'0daf    0x4  Code  Gb  exit.o [2]
hiwdg                   0x2000'0010    0xc  Data  Gb  iwdg.o [1]
ledMain                 0x2000'001c   0x14  Data  Gb  main.o [1]
main                     0x800'0a41   0x36  Code  Gb  main.o [1]
memset                   0x800'0c7d   0x14  Code  Gb  memset.o [4]
next_abi_dtor_rec       0x2000'0044    0x4  Data  Lc  cppinit.o [2]
uwTick                  0x2000'0004    0x4  Data  Gb  stm32f1xx_hal.o [1]
uwTickFreq              0x2000'0000    0x1  Data  Gb  stm32f1xx_hal.o [1]
uwTickPrio              0x2000'0008    0x4  Data  Gb  stm32f1xx_hal.o [1]


[1] = d:\4_cty\2_hoc_tap\5_github\STM32\STM32_OOP_Embedded\week-1\Day-3\Code-Day3\EWARM\OPP-ledBlink\Obj
[2] = dl7M_tln.a
[3] = dlpp7M_tl_nc.a
[4] = rt7M_tl.a
[5] = shb_l.a

  3'847 bytes of readonly  code memory
     38 bytes of readonly  data memory
  1'509 bytes of readwrite data memory

Errors: none
Warnings: none
