###############################################################################
#
# IAR ELF Linker V8.40.1.212/W32 for ARM                  31/May/2025  11:55:16
# Copyright 2007-2019 IAR Systems AB.
#
#    Output file  =
#        D:\4_cty\2_hoc_tap\5_github\STM32\STM32_OOP_Embedded\week-1\Day-1\OPP-ledBlink\EWARM\OPP-ledBlink\Exe\OPP-ledBlink.out
#    Map file     =
#        D:\4_cty\2_hoc_tap\5_github\STM32\STM32_OOP_Embedded\week-1\Day-1\OPP-ledBlink\EWARM\OPP-ledBlink\List\OPP-ledBlink.map
#    Command line =
#        -f C:\Users\HighD\AppData\Local\Temp\EW348D.tmp
#        (D:\4_cty\2_hoc_tap\5_github\STM32\STM32_OOP_Embedded\week-1\Day-1\OPP-ledBlink\EWARM\OPP-ledBlink\Obj\config.o
#        D:\4_cty\2_hoc_tap\5_github\STM32\STM32_OOP_Embedded\week-1\Day-1\OPP-ledBlink\EWARM\OPP-ledBlink\Obj\gpio.o
#        D:\4_cty\2_hoc_tap\5_github\STM32\STM32_OOP_Embedded\week-1\Day-1\OPP-ledBlink\EWARM\OPP-ledBlink\Obj\iwdg.o
#        D:\4_cty\2_hoc_tap\5_github\STM32\STM32_OOP_Embedded\week-1\Day-1\OPP-ledBlink\EWARM\OPP-ledBlink\Obj\main.o
#        D:\4_cty\2_hoc_tap\5_github\STM32\STM32_OOP_Embedded\week-1\Day-1\OPP-ledBlink\EWARM\OPP-ledBlink\Obj\module_led.o
#        D:\4_cty\2_hoc_tap\5_github\STM32\STM32_OOP_Embedded\week-1\Day-1\OPP-ledBlink\EWARM\OPP-ledBlink\Obj\startup_stm32f103xe.o
#        D:\4_cty\2_hoc_tap\5_github\STM32\STM32_OOP_Embedded\week-1\Day-1\OPP-ledBlink\EWARM\OPP-ledBlink\Obj\stm32f1xx_hal.o
#        D:\4_cty\2_hoc_tap\5_github\STM32\STM32_OOP_Embedded\week-1\Day-1\OPP-ledBlink\EWARM\OPP-ledBlink\Obj\stm32f1xx_hal_cortex.o
#        D:\4_cty\2_hoc_tap\5_github\STM32\STM32_OOP_Embedded\week-1\Day-1\OPP-ledBlink\EWARM\OPP-ledBlink\Obj\stm32f1xx_hal_dma.o
#        D:\4_cty\2_hoc_tap\5_github\STM32\STM32_OOP_Embedded\week-1\Day-1\OPP-ledBlink\EWARM\OPP-ledBlink\Obj\stm32f1xx_hal_exti.o
#        D:\4_cty\2_hoc_tap\5_github\STM32\STM32_OOP_Embedded\week-1\Day-1\OPP-ledBlink\EWARM\OPP-ledBlink\Obj\stm32f1xx_hal_flash.o
#        D:\4_cty\2_hoc_tap\5_github\STM32\STM32_OOP_Embedded\week-1\Day-1\OPP-ledBlink\EWARM\OPP-ledBlink\Obj\stm32f1xx_hal_flash_ex.o
#        D:\4_cty\2_hoc_tap\5_github\STM32\STM32_OOP_Embedded\week-1\Day-1\OPP-ledBlink\EWARM\OPP-ledBlink\Obj\stm32f1xx_hal_gpio.o
#        D:\4_cty\2_hoc_tap\5_github\STM32\STM32_OOP_Embedded\week-1\Day-1\OPP-ledBlink\EWARM\OPP-ledBlink\Obj\stm32f1xx_hal_gpio_ex.o
#        D:\4_cty\2_hoc_tap\5_github\STM32\STM32_OOP_Embedded\week-1\Day-1\OPP-ledBlink\EWARM\OPP-ledBlink\Obj\stm32f1xx_hal_iwdg.o
#        D:\4_cty\2_hoc_tap\5_github\STM32\STM32_OOP_Embedded\week-1\Day-1\OPP-ledBlink\EWARM\OPP-ledBlink\Obj\stm32f1xx_hal_msp.o
#        D:\4_cty\2_hoc_tap\5_github\STM32\STM32_OOP_Embedded\week-1\Day-1\OPP-ledBlink\EWARM\OPP-ledBlink\Obj\stm32f1xx_hal_pwr.o
#        D:\4_cty\2_hoc_tap\5_github\STM32\STM32_OOP_Embedded\week-1\Day-1\OPP-ledBlink\EWARM\OPP-ledBlink\Obj\stm32f1xx_hal_rcc.o
#        D:\4_cty\2_hoc_tap\5_github\STM32\STM32_OOP_Embedded\week-1\Day-1\OPP-ledBlink\EWARM\OPP-ledBlink\Obj\stm32f1xx_hal_rcc_ex.o
#        D:\4_cty\2_hoc_tap\5_github\STM32\STM32_OOP_Embedded\week-1\Day-1\OPP-ledBlink\EWARM\OPP-ledBlink\Obj\stm32f1xx_hal_tim.o
#        D:\4_cty\2_hoc_tap\5_github\STM32\STM32_OOP_Embedded\week-1\Day-1\OPP-ledBlink\EWARM\OPP-ledBlink\Obj\stm32f1xx_hal_tim_ex.o
#        D:\4_cty\2_hoc_tap\5_github\STM32\STM32_OOP_Embedded\week-1\Day-1\OPP-ledBlink\EWARM\OPP-ledBlink\Obj\stm32f1xx_it.o
#        D:\4_cty\2_hoc_tap\5_github\STM32\STM32_OOP_Embedded\week-1\Day-1\OPP-ledBlink\EWARM\OPP-ledBlink\Obj\system_stm32f1xx.o
#        --no_out_extension -o
#        D:\4_cty\2_hoc_tap\5_github\STM32\STM32_OOP_Embedded\week-1\Day-1\OPP-ledBlink\EWARM\OPP-ledBlink\Exe\OPP-ledBlink.out
#        --redirect _Printf=_PrintfFullNoMb --redirect _Scanf=_ScanfFullNoMb
#        --map
#        D:\4_cty\2_hoc_tap\5_github\STM32\STM32_OOP_Embedded\week-1\Day-1\OPP-ledBlink\EWARM\OPP-ledBlink\List\OPP-ledBlink.map
#        --config
#        D:\4_cty\2_hoc_tap\5_github\STM32\STM32_OOP_Embedded\week-1\Day-1\OPP-ledBlink\EWARM/stm32f103xe_flash.icf
#        --semihosting --entry __iar_program_start --vfe --text_out locale)
#
###############################################################################

*******************************************************************************
*** RUNTIME MODEL ATTRIBUTES
***

CppFlavor                     = *
__CPP_Exceptions              = Disabled
__CPP_Language                = C++14
__SystemLibrary               = DLib
__dlib_dynamic_initialization = normal
__dlib_version                = 6


*******************************************************************************
*** HEAP SELECTION
***

The basic heap was selected because no calls to memory allocation
functions were found in the application outside of system library
functions, and there are calls to deallocation functions in the
application.


*******************************************************************************
*** PLACEMENT SUMMARY
***

"A0":  place at address 0x800'0000 { ro section .intvec };
"P1":  place in [from 0x800'0000 to 0x807'ffff] { ro };
define block CSTACK with size = 1K, alignment = 8 { };
define block HEAP with size = 512, alignment = 8 { };
"P2":  place in [from 0x2000'0000 to 0x2000'ffff] {
          rw, block CSTACK, block HEAP };
initialize by copy { rw };

  Section                Kind         Address   Size  Object
  -------                ----         -------   ----  ------
"A0":                                          0x130
  .intvec                ro code   0x800'0000  0x130  startup_stm32f103xe.o [1]
                                 - 0x800'0130  0x130

"P1":                                          0xd39
  .text                  ro code   0x800'0130  0x496  stm32f1xx_hal_rcc.o [1]
  .rodata                const     0x800'05c6    0x1  unwind_debug.o [4]
  .text                  ro code   0x800'05c8    0xc  stm32f1xx_hal.o [1]
  .text                  ro code   0x800'05d4   0x40  stm32f1xx_hal.o [1]
  .text                  ro code   0x800'0614   0xac  stm32f1xx_hal_cortex.o [1]
  .text                  ro code   0x800'06c0  0x1d8  stm32f1xx_hal_gpio.o [1]
  .text                  ro code   0x800'0898   0x9c  module_led.o [1]
  .text                  ro code   0x800'0934   0x28  stm32f1xx_hal.o [1]
  .text                  ro code   0x800'095c   0x7c  gpio.o [1]
  .text                  ro code   0x800'09d8   0x14  memset.o [3]
  .text                  ro code   0x800'09ec   0x66  ABImemset.o [3]
  .text                  ro code   0x800'0a52   0x6e  config.o [1]
  .text                  ro code   0x800'0ac0   0x68  main.o [1]
  .text                  ro code   0x800'0b28   0x24  stm32f1xx_hal.o [1]
  .text                  ro code   0x800'0b4c   0x2c  iwdg.o [1]
  .text                  ro code   0x800'0b78   0x62  stm32f1xx_hal_iwdg.o [1]
  .text                  ro code   0x800'0bdc   0x44  stm32f1xx_hal_msp.o [1]
  .text                  ro code   0x800'0c20   0x38  packbits_init_single.o [3]
  .text                  ro code   0x800'0c58   0x28  data_init.o [3]
  .iar.init_table        const     0x800'0c80   0x14  - Linker created -
  .text                  ro code   0x800'0c94   0x20  cmain_call_ctors.o [3]
  .text                  ro code   0x800'0cb4   0x18  cppinit.o [2]
  .text                  ro code   0x800'0ccc   0x1e  cmain.o [3]
  .text                  ro code   0x800'0cea    0x4  low_level_init.o [2]
  .text                  ro code   0x800'0cee    0x4  exit.o [2]
  .text                  ro code   0x800'0cf4    0xa  cexit.o [3]
  .text                  ro code   0x800'0d00   0x14  exit.o [4]
  .text                  ro code   0x800'0d14   0x14  stm32f1xx_it.o [1]
  .text                  ro code   0x800'0d28   0x10  stm32f1xx_hal.o [1]
  .text                  ro code   0x800'0d38   0x14  system_stm32f1xx.o [1]
  .text                  ro code   0x800'0d4c   0x10  startup_stm32f103xe.o [1]
  .text                  ro code   0x800'0d5c    0xc  cstartup_M.o [3]
  .text                  ro code   0x800'0d68    0x4  startup_stm32f103xe.o [1]
  .text                  ro code   0x800'0d6c    0x4  startup_stm32f103xe.o [1]
  .text                  ro code   0x800'0d70    0x4  startup_stm32f103xe.o [1]
  .text                  ro code   0x800'0d74    0x4  startup_stm32f103xe.o [1]
  .text                  ro code   0x800'0d78    0x4  startup_stm32f103xe.o [1]
  .text                  ro code   0x800'0d7c    0x4  startup_stm32f103xe.o [1]
  .text                  ro code   0x800'0d80    0x4  startup_stm32f103xe.o [1]
  .text                  ro code   0x800'0d84    0x4  startup_stm32f103xe.o [1]
  .text                  ro code   0x800'0d88    0x4  startup_stm32f103xe.o [1]
  .text                  ro code   0x800'0d8c    0x4  startup_stm32f103xe.o [1]
  .text                  ro code   0x800'0d90    0x4  startup_stm32f103xe.o [1]
  .text                  ro code   0x800'0d94    0x4  startup_stm32f103xe.o [1]
  .text                  ro code   0x800'0d98    0x4  startup_stm32f103xe.o [1]
  .text                  ro code   0x800'0d9c    0x4  startup_stm32f103xe.o [1]
  .text                  ro code   0x800'0da0    0x4  startup_stm32f103xe.o [1]
  .text                  ro code   0x800'0da4    0x4  startup_stm32f103xe.o [1]
  .text                  ro code   0x800'0da8    0x4  startup_stm32f103xe.o [1]
  .text                  ro code   0x800'0dac    0x4  startup_stm32f103xe.o [1]
  .text                  ro code   0x800'0db0    0x4  startup_stm32f103xe.o [1]
  .text                  ro code   0x800'0db4    0x4  startup_stm32f103xe.o [1]
  .text                  ro code   0x800'0db8    0x4  startup_stm32f103xe.o [1]
  .text                  ro code   0x800'0dbc    0x4  startup_stm32f103xe.o [1]
  .text                  ro code   0x800'0dc0    0x4  startup_stm32f103xe.o [1]
  .text                  ro code   0x800'0dc4    0x4  startup_stm32f103xe.o [1]
  .text                  ro code   0x800'0dc8    0x4  startup_stm32f103xe.o [1]
  .text                  ro code   0x800'0dcc    0x4  startup_stm32f103xe.o [1]
  .text                  ro code   0x800'0dd0    0x4  startup_stm32f103xe.o [1]
  .text                  ro code   0x800'0dd4    0x4  startup_stm32f103xe.o [1]
  .text                  ro code   0x800'0dd8    0x4  startup_stm32f103xe.o [1]
  .text                  ro code   0x800'0ddc    0x4  startup_stm32f103xe.o [1]
  .text                  ro code   0x800'0de0    0x4  startup_stm32f103xe.o [1]
  .text                  ro code   0x800'0de4    0x4  startup_stm32f103xe.o [1]
  .text                  ro code   0x800'0de8    0x4  startup_stm32f103xe.o [1]
  .text                  ro code   0x800'0dec    0x4  startup_stm32f103xe.o [1]
  .text                  ro code   0x800'0df0    0x4  startup_stm32f103xe.o [1]
  .text                  ro code   0x800'0df4    0x4  startup_stm32f103xe.o [1]
  .text                  ro code   0x800'0df8    0x4  startup_stm32f103xe.o [1]
  .text                  ro code   0x800'0dfc    0x4  startup_stm32f103xe.o [1]
  .text                  ro code   0x800'0e00    0x4  startup_stm32f103xe.o [1]
  .text                  ro code   0x800'0e04    0x4  startup_stm32f103xe.o [1]
  .text                  ro code   0x800'0e08    0x4  startup_stm32f103xe.o [1]
  .text                  ro code   0x800'0e0c    0x4  startup_stm32f103xe.o [1]
  .text                  ro code   0x800'0e10    0x4  startup_stm32f103xe.o [1]
  .text                  ro code   0x800'0e14    0x4  startup_stm32f103xe.o [1]
  .text                  ro code   0x800'0e18    0x4  startup_stm32f103xe.o [1]
  .text                  ro code   0x800'0e1c    0x4  startup_stm32f103xe.o [1]
  .text                  ro code   0x800'0e20    0x4  startup_stm32f103xe.o [1]
  .text                  ro code   0x800'0e24    0x4  startup_stm32f103xe.o [1]
  .text                  ro code   0x800'0e28    0x4  startup_stm32f103xe.o [1]
  .text                  ro code   0x800'0e2c    0x4  startup_stm32f103xe.o [1]
  .text                  ro code   0x800'0e30    0x4  startup_stm32f103xe.o [1]
  .text                  ro code   0x800'0e34    0x4  startup_stm32f103xe.o [1]
  .text                  ro code   0x800'0e38    0x4  startup_stm32f103xe.o [1]
  .text                  ro code   0x800'0e3c    0x4  startup_stm32f103xe.o [1]
  .text                  ro code   0x800'0e40    0x4  startup_stm32f103xe.o [1]
  .text                  ro code   0x800'0e44    0x4  startup_stm32f103xe.o [1]
  .text                  ro code   0x800'0e48    0x4  startup_stm32f103xe.o [1]
  .text                  ro code   0x800'0e4c    0x4  startup_stm32f103xe.o [1]
  .text                  ro code   0x800'0e50    0x4  startup_stm32f103xe.o [1]
  .text                  ro code   0x800'0e54    0x4  startup_stm32f103xe.o [1]
  SHT$$PREINIT_ARRAY               0x800'0e58    0x0  <Block>
  SHT$$INIT_ARRAY                  0x800'0e58    0x4  <Block>
    .init_array          const     0x800'0e58    0x4  main.o [1]
  __iar_tls$$INIT_ARRAY            0x800'0e5c    0x0  <Block>
  .rodata                const     0x800'0e5c    0x0  packbits_init_single.o [3]
  Initializer bytes      const     0x800'0e5c    0xd  <for P2-1>
                                 - 0x800'0e69  0xd39

"P2", part 1 of 2:                              0x3d
  P2-1                            0x2000'0000   0x3d  <Init block>
    .data                inited   0x2000'0000    0xc  stm32f1xx_hal.o [1]
    .data                inited   0x2000'000c    0x4  system_stm32f1xx.o [1]
    .bss                 inited   0x2000'0010    0xc  iwdg.o [1]
    .bss                 inited   0x2000'001c   0x20  main.o [1]
    .bss                 inited   0x2000'003c    0x1  module_led.o [1]
                                - 0x2000'003d   0x3d

"P2", part 2 of 2:                             0x400
  CSTACK                          0x2000'0040  0x400  <Block>
    CSTACK               uninit   0x2000'0040  0x400  <Block tail>
                                - 0x2000'0440  0x400

Unused ranges:

         From           To      Size
         ----           --      ----
   0x800'0e69   0x807'ffff  0x7'f197
  0x2000'003d  0x2000'003f       0x3
  0x2000'0440  0x2000'ffff    0xfbc0


*******************************************************************************
*** INIT TABLE
***

          Address      Size
          -------      ----
Copy/packbits (__iar_packbits_init_single3)
    1 source range, total size 0xd (21% of destination):
           0x800'0e5c   0xd
    1 destination range, total size 0x3d:
          0x2000'0000  0x3d

Extra (__iar_cstart_call_ctors)



*******************************************************************************
*** MODULE SUMMARY
***

    Module                  ro code  ro data  rw data
    ------                  -------  -------  -------
command line/config:
    -------------------------------------------------
    Total:

D:\4_cty\2_hoc_tap\5_github\STM32\STM32_OOP_Embedded\week-1\Day-1\OPP-ledBlink\EWARM\OPP-ledBlink\Obj: [1]
    config.o                    110
    gpio.o                      124
    iwdg.o                       44        2       12
    main.o                      104       11       32
    module_led.o                156        1        1
    startup_stm32f103xe.o       560
    stm32f1xx_hal.o             168        2       12
    stm32f1xx_hal_cortex.o      172
    stm32f1xx_hal_gpio.o        472
    stm32f1xx_hal_iwdg.o         98
    stm32f1xx_hal_msp.o          68
    stm32f1xx_hal_rcc.o       1'174
    stm32f1xx_it.o               20
    system_stm32f1xx.o           20        1        4
    -------------------------------------------------
    Total:                    3'290       17       61

dl7M_tln.a: [2]
    cppinit.o                    24
    exit.o                        4
    low_level_init.o              4
    -------------------------------------------------
    Total:                       32

rt7M_tl.a: [3]
    ABImemset.o                 102
    cexit.o                      10
    cmain.o                      30
    cmain_call_ctors.o           32
    cstartup_M.o                 12
    data_init.o                  40
    memset.o                     20
    packbits_init_single.o       56
    -------------------------------------------------
    Total:                      302

shb_l.a: [4]
    exit.o                       20
    unwind_debug.o                         1
    -------------------------------------------------
    Total:                       20        1

    Gaps                          7
    Linker created                        20    1'024
-----------------------------------------------------
    Grand Total:              3'651       38    1'085


*******************************************************************************
*** ENTRY LIST
***

Entry                       Address   Size  Type      Object
-----                       -------   ----  ----      ------
.iar.init_table$$Base    0x800'0c80          --   Gb  - Linker created -
.iar.init_table$$Limit   0x800'0c94          --   Gb  - Linker created -
?main                    0x800'0ccd         Code  Gb  cmain.o [3]
AHBPrescTable            0x800'0d3c   0x10  Data  Gb  system_stm32f1xx.o [1]
BusFault_Handler         0x800'0d1b    0x2  Code  Gb  stm32f1xx_it.o [1]
CSTACK$$Base            0x2000'0040          --   Gb  - Linker created -
CSTACK$$Limit           0x2000'0440          --   Gb  - Linker created -
DebugMon_Handler         0x800'0d21    0x2  Code  Gb  stm32f1xx_it.o [1]
Error_Handler            0x800'0abd    0x4  Code  Gb  config.o [1]
HAL_Delay                0x800'0935   0x28  Code  Wk  stm32f1xx_hal.o [1]
HAL_GPIO_Init            0x800'06c1  0x194  Code  Gb  stm32f1xx_hal_gpio.o [1]
HAL_GPIO_WritePin        0x800'0855    0x8  Code  Gb  stm32f1xx_hal_gpio.o [1]
HAL_GetTick              0x800'05c9    0xc  Code  Wk  stm32f1xx_hal.o [1]
HAL_IWDG_Init            0x800'0b79   0x56  Code  Gb  stm32f1xx_hal_iwdg.o [1]
HAL_IWDG_Refresh         0x800'0bcf    0xc  Code  Gb  stm32f1xx_hal_iwdg.o [1]
HAL_IncTick              0x800'0d29   0x10  Code  Wk  stm32f1xx_hal.o [1]
HAL_Init                 0x800'0b29   0x20  Code  Gb  stm32f1xx_hal.o [1]
HAL_InitTick             0x800'05d5   0x40  Code  Wk  stm32f1xx_hal.o [1]
HAL_MspInit              0x800'0bdd   0x44  Code  Gb  stm32f1xx_hal_msp.o [1]
HAL_NVIC_SetPriority     0x800'0649   0x3a  Code  Gb  stm32f1xx_hal_cortex.o [1]
HAL_NVIC_SetPriorityGrouping
                         0x800'062f   0x1a  Code  Gb  stm32f1xx_hal_cortex.o [1]
HAL_RCC_ClockConfig      0x800'0445   0xf4  Code  Gb  stm32f1xx_hal_rcc.o [1]
HAL_RCC_GetSysClockFreq
                         0x800'054d   0x3a  Code  Gb  stm32f1xx_hal_rcc.o [1]
HAL_RCC_GetSysClockFreq::aPLLMULFactorTable
                         0x800'05b4   0x10  Data  Lc  stm32f1xx_hal_rcc.o [1]
HAL_RCC_GetSysClockFreq::aPredivFactorTable
                         0x800'05c4    0x2  Data  Lc  stm32f1xx_hal_rcc.o [1]
HAL_RCC_OscConfig        0x800'0131  0x30c  Code  Gb  stm32f1xx_hal_rcc.o [1]
HAL_SYSTICK_Config       0x800'0683   0x28  Code  Gb  stm32f1xx_hal_cortex.o [1]
HardFault_Handler        0x800'0d17    0x2  Code  Gb  stm32f1xx_it.o [1]
LED::LED(GPIO_TypeDef *, unsigned short)
                         0x800'0899    0xc  Code  Gb  module_led.o [1]
LED::off()               0x800'08a5    0xa  Code  Gb  module_led.o [1]
LED::toggle()            0x800'08af   0x12  Code  Gb  module_led.o [1]
LED::toggle_On_OFF_number(unsigned char, unsigned short)
                         0x800'0911   0x24  Code  Gb  module_led.o [1]
LED::toggle_On_OFF_time(uint32_t, uint32_t)::b_toggleStatusLED
                        0x2000'003c    0x1  Data  Lc  module_led.o [1]
LED::toggle_On_OFF_time(unsigned int, unsigned int)
                         0x800'08c1   0x4a  Code  Gb  module_led.o [1]
MX_GPIO_Init             0x800'095d   0x7c  Code  Gb  gpio.o [1]
MX_IWDG_Init             0x800'0b4d   0x2c  Code  Gb  iwdg.o [1]
MemManage_Handler        0x800'0d19    0x2  Code  Gb  stm32f1xx_it.o [1]
NMI_Handler              0x800'0d15    0x2  Code  Gb  stm32f1xx_it.o [1]
PendSV_Handler           0x800'0d23    0x2  Code  Gb  stm32f1xx_it.o [1]
Region$$Table$$Base      0x800'0c80          --   Gb  - Linker created -
Region$$Table$$Limit     0x800'0c94          --   Gb  - Linker created -
SHT$$INIT_ARRAY$$Base    0x800'0e58          --   Gb  - Linker created -
SHT$$INIT_ARRAY$$Limit   0x800'0e5c          --   Gb  - Linker created -
SHT$$PREINIT_ARRAY$$Base
                         0x800'0e58          --   Gb  - Linker created -
SHT$$PREINIT_ARRAY$$Limit
                         0x800'0e58          --   Gb  - Linker created -
SVC_Handler              0x800'0d1f    0x2  Code  Gb  stm32f1xx_it.o [1]
SysTick_Handler          0x800'0d25    0x4  Code  Gb  stm32f1xx_it.o [1]
SystemClock_Config       0x800'0a53   0x6a  Code  Gb  config.o [1]
SystemCoreClock         0x2000'000c    0x4  Data  Gb  system_stm32f1xx.o [1]
SystemInit               0x800'0d39    0x2  Code  Gb  system_stm32f1xx.o [1]
UsageFault_Handler       0x800'0d1d    0x2  Code  Gb  stm32f1xx_it.o [1]
[local to stm32f1xx_hal_cortex_c]::__NVIC_SetPriority(IRQn_Type, unsigned int)
                         0x800'0615   0x1a  Code  Lc  stm32f1xx_hal_cortex.o [1]
__aeabi_memset           0x800'09ed         Code  Gb  ABImemset.o [3]
__call_ctors             0x800'0cb5   0x18  Code  Gb  cppinit.o [2]
__cmain                  0x800'0ccd         Code  Gb  cmain.o [3]
__exit                   0x800'0d01   0x14  Code  Gb  exit.o [4]
__iar_Memset             0x800'09ed         Code  Gb  ABImemset.o [3]
__iar_Memset_word        0x800'09f5         Code  Gb  ABImemset.o [3]
__iar_cstart_call_ctors
                         0x800'0c95   0x20  Code  Gb  cmain_call_ctors.o [3]
__iar_data_init3         0x800'0c59   0x28  Code  Gb  data_init.o [3]
__iar_debug_exceptions   0x800'05c6    0x1  Data  Gb  unwind_debug.o [4]
__iar_packbits_init_single3
                         0x800'0c21   0x38  Code  Gb  packbits_init_single.o [3]
__iar_program_start      0x800'0d5d         Code  Gb  cstartup_M.o [3]
__iar_tls$$INIT_ARRAY$$Base
                         0x800'0e5c          --   Gb  - Linker created -
__iar_tls$$INIT_ARRAY$$Limit
                         0x800'0e5c          --   Gb  - Linker created -
__low_level_init         0x800'0ceb    0x4  Code  Gb  low_level_init.o [2]
__sti__routine           0x800'0ac1   0x24  Code  Lc  main.o [1]
__vector_table           0x800'0000         Data  Gb  startup_stm32f103xe.o [1]
_call_main               0x800'0cd9         Code  Gb  cmain.o [3]
_exit                    0x800'0cf5         Code  Gb  cexit.o [3]
_main                    0x800'0ce7         Code  Gb  cmain.o [3]
buzzer                  0x2000'002c   0x10  Data  Gb  main.o [1]
exit                     0x800'0cef    0x4  Code  Gb  exit.o [2]
hiwdg                   0x2000'0010    0xc  Data  Gb  iwdg.o [1]
ledMain                 0x2000'001c   0x10  Data  Gb  main.o [1]
main                     0x800'0ae5   0x36  Code  Gb  main.o [1]
memset                   0x800'09d9   0x14  Code  Gb  memset.o [3]
uwTick                  0x2000'0004    0x4  Data  Gb  stm32f1xx_hal.o [1]
uwTickFreq              0x2000'0000    0x1  Data  Gb  stm32f1xx_hal.o [1]
uwTickPrio              0x2000'0008    0x4  Data  Gb  stm32f1xx_hal.o [1]


[1] = D:\4_cty\2_hoc_tap\5_github\STM32\STM32_OOP_Embedded\week-1\Day-1\OPP-ledBlink\EWARM\OPP-ledBlink\Obj
[2] = dl7M_tln.a
[3] = rt7M_tl.a
[4] = shb_l.a

  3'651 bytes of readonly  code memory
     38 bytes of readonly  data memory
  1'085 bytes of readwrite data memory

Errors: none
Warnings: none
