###############################################################################
#
# IAR ELF Linker V8.40.1.212/W32 for ARM                  31/May/2025  11:49:59
# Copyright 2007-2019 IAR Systems AB.
#
#    Output file  =
#        d:\4_cty\2_hoc_tap\5_github\STM32\STM32_OOP_Embedded\week-1\Day-2\Code-Day2\EWARM\Code-Day2\Exe\Code-Day2.out
#    Map file     =
#        d:\4_cty\2_hoc_tap\5_github\STM32\STM32_OOP_Embedded\week-1\Day-2\Code-Day2\EWARM\Code-Day2\List\Code-Day2.map
#    Command line =
#        -f C:\Users\HighD\AppData\Local\Temp\EW5FBD.tmp
#        (d:\4_cty\2_hoc_tap\5_github\STM32\STM32_OOP_Embedded\week-1\Day-2\Code-Day2\EWARM\Code-Day2\Obj\config.o
#        d:\4_cty\2_hoc_tap\5_github\STM32\STM32_OOP_Embedded\week-1\Day-2\Code-Day2\EWARM\Code-Day2\Obj\gpio.o
#        d:\4_cty\2_hoc_tap\5_github\STM32\STM32_OOP_Embedded\week-1\Day-2\Code-Day2\EWARM\Code-Day2\Obj\iwdg.o
#        d:\4_cty\2_hoc_tap\5_github\STM32\STM32_OOP_Embedded\week-1\Day-2\Code-Day2\EWARM\Code-Day2\Obj\main.o
#        d:\4_cty\2_hoc_tap\5_github\STM32\STM32_OOP_Embedded\week-1\Day-2\Code-Day2\EWARM\Code-Day2\Obj\module_led.o
#        d:\4_cty\2_hoc_tap\5_github\STM32\STM32_OOP_Embedded\week-1\Day-2\Code-Day2\EWARM\Code-Day2\Obj\startup_stm32f103xe.o
#        d:\4_cty\2_hoc_tap\5_github\STM32\STM32_OOP_Embedded\week-1\Day-2\Code-Day2\EWARM\Code-Day2\Obj\stm32f1xx_hal.o
#        d:\4_cty\2_hoc_tap\5_github\STM32\STM32_OOP_Embedded\week-1\Day-2\Code-Day2\EWARM\Code-Day2\Obj\stm32f1xx_hal_cortex.o
#        d:\4_cty\2_hoc_tap\5_github\STM32\STM32_OOP_Embedded\week-1\Day-2\Code-Day2\EWARM\Code-Day2\Obj\stm32f1xx_hal_dma.o
#        d:\4_cty\2_hoc_tap\5_github\STM32\STM32_OOP_Embedded\week-1\Day-2\Code-Day2\EWARM\Code-Day2\Obj\stm32f1xx_hal_exti.o
#        d:\4_cty\2_hoc_tap\5_github\STM32\STM32_OOP_Embedded\week-1\Day-2\Code-Day2\EWARM\Code-Day2\Obj\stm32f1xx_hal_flash.o
#        d:\4_cty\2_hoc_tap\5_github\STM32\STM32_OOP_Embedded\week-1\Day-2\Code-Day2\EWARM\Code-Day2\Obj\stm32f1xx_hal_flash_ex.o
#        d:\4_cty\2_hoc_tap\5_github\STM32\STM32_OOP_Embedded\week-1\Day-2\Code-Day2\EWARM\Code-Day2\Obj\stm32f1xx_hal_gpio.o
#        d:\4_cty\2_hoc_tap\5_github\STM32\STM32_OOP_Embedded\week-1\Day-2\Code-Day2\EWARM\Code-Day2\Obj\stm32f1xx_hal_gpio_ex.o
#        d:\4_cty\2_hoc_tap\5_github\STM32\STM32_OOP_Embedded\week-1\Day-2\Code-Day2\EWARM\Code-Day2\Obj\stm32f1xx_hal_iwdg.o
#        d:\4_cty\2_hoc_tap\5_github\STM32\STM32_OOP_Embedded\week-1\Day-2\Code-Day2\EWARM\Code-Day2\Obj\stm32f1xx_hal_msp.o
#        d:\4_cty\2_hoc_tap\5_github\STM32\STM32_OOP_Embedded\week-1\Day-2\Code-Day2\EWARM\Code-Day2\Obj\stm32f1xx_hal_pwr.o
#        d:\4_cty\2_hoc_tap\5_github\STM32\STM32_OOP_Embedded\week-1\Day-2\Code-Day2\EWARM\Code-Day2\Obj\stm32f1xx_hal_rcc.o
#        d:\4_cty\2_hoc_tap\5_github\STM32\STM32_OOP_Embedded\week-1\Day-2\Code-Day2\EWARM\Code-Day2\Obj\stm32f1xx_hal_rcc_ex.o
#        d:\4_cty\2_hoc_tap\5_github\STM32\STM32_OOP_Embedded\week-1\Day-2\Code-Day2\EWARM\Code-Day2\Obj\stm32f1xx_hal_tim.o
#        d:\4_cty\2_hoc_tap\5_github\STM32\STM32_OOP_Embedded\week-1\Day-2\Code-Day2\EWARM\Code-Day2\Obj\stm32f1xx_hal_tim_ex.o
#        d:\4_cty\2_hoc_tap\5_github\STM32\STM32_OOP_Embedded\week-1\Day-2\Code-Day2\EWARM\Code-Day2\Obj\stm32f1xx_it.o
#        d:\4_cty\2_hoc_tap\5_github\STM32\STM32_OOP_Embedded\week-1\Day-2\Code-Day2\EWARM\Code-Day2\Obj\system_stm32f1xx.o
#        --no_out_extension -o
#        d:\4_cty\2_hoc_tap\5_github\STM32\STM32_OOP_Embedded\week-1\Day-2\Code-Day2\EWARM\Code-Day2\Exe\Code-Day2.out
#        --redirect _Printf=_PrintfFullNoMb --redirect _Scanf=_ScanfFullNoMb
#        --map
#        d:\4_cty\2_hoc_tap\5_github\STM32\STM32_OOP_Embedded\week-1\Day-2\Code-Day2\EWARM\Code-Day2\List\Code-Day2.map
#        --config
#        d:\4_cty\2_hoc_tap\5_github\STM32\STM32_OOP_Embedded\week-1\Day-2\Code-Day2\EWARM/stm32f103xe_flash.icf
#        --semihosting --entry __iar_program_start --vfe --text_out locale)
#
###############################################################################

*******************************************************************************
*** RUNTIME MODEL ATTRIBUTES
***

CppFlavor                     = *
__CPP_Exceptions              = Disabled
__CPP_Language                = C++14
__SystemLibrary               = DLib
__dlib_dynamic_initialization = normal
__dlib_version                = 6


*******************************************************************************
*** HEAP SELECTION
***

The basic heap was selected because no calls to memory allocation
functions were found in the application outside of system library
functions, and there are calls to deallocation functions in the
application.


*******************************************************************************
*** PLACEMENT SUMMARY
***

"A0":  place at address 0x800'0000 { ro section .intvec };
"P1":  place in [from 0x800'0000 to 0x807'ffff] { ro };
define block CSTACK with size = 1K, alignment = 8 { };
define block HEAP with size = 512, alignment = 8 { };
"P2":  place in [from 0x2000'0000 to 0x2000'ffff] {
          rw, block CSTACK, block HEAP };
initialize by copy { rw };

  Section                Kind         Address   Size  Object
  -------                ----         -------   ----  ------
"A0":                                          0x130
  .intvec                ro code   0x800'0000  0x130  startup_stm32f103xe.o [1]
                                 - 0x800'0130  0x130

"P1":                                          0xd02
  .text                  ro code   0x800'0130  0x496  stm32f1xx_hal_rcc.o [1]
  .rodata                const     0x800'05c6    0x1  unwind_debug.o [4]
  .text                  ro code   0x800'05c8    0xc  stm32f1xx_hal.o [1]
  .text                  ro code   0x800'05d4   0x40  stm32f1xx_hal.o [1]
  .text                  ro code   0x800'0614   0xac  stm32f1xx_hal_cortex.o [1]
  .text                  ro code   0x800'06c0  0x1d8  stm32f1xx_hal_gpio.o [1]
  .text                  ro code   0x800'0898   0x7c  gpio.o [1]
  .text                  ro code   0x800'0914   0x14  memset.o [3]
  .text                  ro code   0x800'0928   0x66  ABImemset.o [3]
  .text                  ro code   0x800'098e   0x6e  config.o [1]
  .text                  ro code   0x800'09fc   0x64  module_led.o [1]
  .text                  ro code   0x800'0a60   0x62  stm32f1xx_hal_iwdg.o [1]
  .text                  ro code   0x800'0ac4   0x60  main.o [1]
  .text                  ro code   0x800'0b24   0x24  stm32f1xx_hal.o [1]
  .text                  ro code   0x800'0b48   0x2c  iwdg.o [1]
  .text                  ro code   0x800'0b74   0x28  stm32f1xx_hal.o [1]
  .text                  ro code   0x800'0b9c   0x44  stm32f1xx_hal_msp.o [1]
  .text                  ro code   0x800'0be0   0x38  packbits_init_single.o [3]
  .text                  ro code   0x800'0c18   0x28  data_init.o [3]
  .iar.init_table        const     0x800'0c40   0x14  - Linker created -
  .text                  ro code   0x800'0c54   0x20  cmain_call_ctors.o [3]
  .text                  ro code   0x800'0c74   0x18  cppinit.o [2]
  .text                  ro code   0x800'0c8c   0x1e  cmain.o [3]
  .text                  ro code   0x800'0caa    0x4  low_level_init.o [2]
  .text                  ro code   0x800'0cae    0x4  exit.o [2]
  .text                  ro code   0x800'0cb4    0xa  cexit.o [3]
  .text                  ro code   0x800'0cc0   0x14  exit.o [4]
  .text                  ro code   0x800'0cd4   0x14  stm32f1xx_it.o [1]
  .text                  ro code   0x800'0ce8   0x10  stm32f1xx_hal.o [1]
  .text                  ro code   0x800'0cf8   0x14  system_stm32f1xx.o [1]
  .text                  ro code   0x800'0d0c   0x10  startup_stm32f103xe.o [1]
  .text                  ro code   0x800'0d1c    0xc  cstartup_M.o [3]
  .text                  ro code   0x800'0d28    0x4  startup_stm32f103xe.o [1]
  .text                  ro code   0x800'0d2c    0x4  startup_stm32f103xe.o [1]
  .text                  ro code   0x800'0d30    0x4  startup_stm32f103xe.o [1]
  .text                  ro code   0x800'0d34    0x4  startup_stm32f103xe.o [1]
  .text                  ro code   0x800'0d38    0x4  startup_stm32f103xe.o [1]
  .text                  ro code   0x800'0d3c    0x4  startup_stm32f103xe.o [1]
  .text                  ro code   0x800'0d40    0x4  startup_stm32f103xe.o [1]
  .text                  ro code   0x800'0d44    0x4  startup_stm32f103xe.o [1]
  .text                  ro code   0x800'0d48    0x4  startup_stm32f103xe.o [1]
  .text                  ro code   0x800'0d4c    0x4  startup_stm32f103xe.o [1]
  .text                  ro code   0x800'0d50    0x4  startup_stm32f103xe.o [1]
  .text                  ro code   0x800'0d54    0x4  startup_stm32f103xe.o [1]
  .text                  ro code   0x800'0d58    0x4  startup_stm32f103xe.o [1]
  .text                  ro code   0x800'0d5c    0x4  startup_stm32f103xe.o [1]
  .text                  ro code   0x800'0d60    0x4  startup_stm32f103xe.o [1]
  .text                  ro code   0x800'0d64    0x4  startup_stm32f103xe.o [1]
  .text                  ro code   0x800'0d68    0x4  startup_stm32f103xe.o [1]
  .text                  ro code   0x800'0d6c    0x4  startup_stm32f103xe.o [1]
  .text                  ro code   0x800'0d70    0x4  startup_stm32f103xe.o [1]
  .text                  ro code   0x800'0d74    0x4  startup_stm32f103xe.o [1]
  .text                  ro code   0x800'0d78    0x4  startup_stm32f103xe.o [1]
  .text                  ro code   0x800'0d7c    0x4  startup_stm32f103xe.o [1]
  .text                  ro code   0x800'0d80    0x4  startup_stm32f103xe.o [1]
  .text                  ro code   0x800'0d84    0x4  startup_stm32f103xe.o [1]
  .text                  ro code   0x800'0d88    0x4  startup_stm32f103xe.o [1]
  .text                  ro code   0x800'0d8c    0x4  startup_stm32f103xe.o [1]
  .text                  ro code   0x800'0d90    0x4  startup_stm32f103xe.o [1]
  .text                  ro code   0x800'0d94    0x4  startup_stm32f103xe.o [1]
  .text                  ro code   0x800'0d98    0x4  startup_stm32f103xe.o [1]
  .text                  ro code   0x800'0d9c    0x4  startup_stm32f103xe.o [1]
  .text                  ro code   0x800'0da0    0x4  startup_stm32f103xe.o [1]
  .text                  ro code   0x800'0da4    0x4  startup_stm32f103xe.o [1]
  .text                  ro code   0x800'0da8    0x4  startup_stm32f103xe.o [1]
  .text                  ro code   0x800'0dac    0x4  startup_stm32f103xe.o [1]
  .text                  ro code   0x800'0db0    0x4  startup_stm32f103xe.o [1]
  .text                  ro code   0x800'0db4    0x4  startup_stm32f103xe.o [1]
  .text                  ro code   0x800'0db8    0x4  startup_stm32f103xe.o [1]
  .text                  ro code   0x800'0dbc    0x4  startup_stm32f103xe.o [1]
  .text                  ro code   0x800'0dc0    0x4  startup_stm32f103xe.o [1]
  .text                  ro code   0x800'0dc4    0x4  startup_stm32f103xe.o [1]
  .text                  ro code   0x800'0dc8    0x4  startup_stm32f103xe.o [1]
  .text                  ro code   0x800'0dcc    0x4  startup_stm32f103xe.o [1]
  .text                  ro code   0x800'0dd0    0x4  startup_stm32f103xe.o [1]
  .text                  ro code   0x800'0dd4    0x4  startup_stm32f103xe.o [1]
  .text                  ro code   0x800'0dd8    0x4  startup_stm32f103xe.o [1]
  .text                  ro code   0x800'0ddc    0x4  startup_stm32f103xe.o [1]
  .text                  ro code   0x800'0de0    0x4  startup_stm32f103xe.o [1]
  .text                  ro code   0x800'0de4    0x4  startup_stm32f103xe.o [1]
  .text                  ro code   0x800'0de8    0x4  startup_stm32f103xe.o [1]
  .text                  ro code   0x800'0dec    0x4  startup_stm32f103xe.o [1]
  .text                  ro code   0x800'0df0    0x4  startup_stm32f103xe.o [1]
  .text                  ro code   0x800'0df4    0x4  startup_stm32f103xe.o [1]
  .text                  ro code   0x800'0df8    0x4  startup_stm32f103xe.o [1]
  .text                  ro code   0x800'0dfc    0x4  startup_stm32f103xe.o [1]
  .text                  ro code   0x800'0e00    0x4  startup_stm32f103xe.o [1]
  .text                  ro code   0x800'0e04    0x4  startup_stm32f103xe.o [1]
  .text                  ro code   0x800'0e08    0x4  startup_stm32f103xe.o [1]
  .text                  ro code   0x800'0e0c    0x4  startup_stm32f103xe.o [1]
  .text                  ro code   0x800'0e10    0x4  startup_stm32f103xe.o [1]
  .text                  ro code   0x800'0e14    0x4  startup_stm32f103xe.o [1]
  SHT$$PREINIT_ARRAY               0x800'0e18    0x0  <Block>
  SHT$$INIT_ARRAY                  0x800'0e18    0x4  <Block>
    .init_array          const     0x800'0e18    0x4  main.o [1]
  __iar_tls$$INIT_ARRAY            0x800'0e1c    0x0  <Block>
  .rodata                const     0x800'0e1c    0x0  packbits_init_single.o [3]
  Initializer bytes      const     0x800'0e1c   0x16  <for P2-1>
                                 - 0x800'0e32  0xd02

"P2", part 1 of 2:                              0x35
  P2-1                            0x2000'0000   0x35  <Init block>
    .data                inited   0x2000'0000   0x18  main.o [1]
    .data                inited   0x2000'0018    0xc  stm32f1xx_hal.o [1]
    .data                inited   0x2000'0024    0x4  system_stm32f1xx.o [1]
    .bss                 inited   0x2000'0028    0xc  iwdg.o [1]
    .bss                 inited   0x2000'0034    0x1  module_led.o [1]
                                - 0x2000'0035   0x35

"P2", part 2 of 2:                             0x400
  CSTACK                          0x2000'0038  0x400  <Block>
    CSTACK               uninit   0x2000'0038  0x400  <Block tail>
                                - 0x2000'0438  0x400

Unused ranges:

         From           To      Size
         ----           --      ----
   0x800'0e32   0x807'ffff  0x7'f1ce
  0x2000'0035  0x2000'0037       0x3
  0x2000'0438  0x2000'ffff    0xfbc8


*******************************************************************************
*** INIT TABLE
***

          Address      Size
          -------      ----
Copy/packbits (__iar_packbits_init_single3)
    1 source range, total size 0x16 (41% of destination):
           0x800'0e1c  0x16
    1 destination range, total size 0x35:
          0x2000'0000  0x35

Extra (__iar_cstart_call_ctors)



*******************************************************************************
*** MODULE SUMMARY
***

    Module                  ro code  ro data  rw data
    ------                  -------  -------  -------
command line/config:
    -------------------------------------------------
    Total:

d:\4_cty\2_hoc_tap\5_github\STM32\STM32_OOP_Embedded\week-1\Day-2\Code-Day2\EWARM\Code-Day2\Obj: [1]
    config.o                    110
    gpio.o                      124
    iwdg.o                       44        5       12
    main.o                       96       13       24
    module_led.o                100        1        1
    startup_stm32f103xe.o       560
    stm32f1xx_hal.o             168        5       12
    stm32f1xx_hal_cortex.o      172
    stm32f1xx_hal_gpio.o        472
    stm32f1xx_hal_iwdg.o         98
    stm32f1xx_hal_msp.o          68
    stm32f1xx_hal_rcc.o       1'174
    stm32f1xx_it.o               20
    system_stm32f1xx.o           20        2        4
    -------------------------------------------------
    Total:                    3'226       26       53

dl7M_tln.a: [2]
    cppinit.o                    24
    exit.o                        4
    low_level_init.o              4
    -------------------------------------------------
    Total:                       32

rt7M_tl.a: [3]
    ABImemset.o                 102
    cexit.o                      10
    cmain.o                      30
    cmain_call_ctors.o           32
    cstartup_M.o                 12
    data_init.o                  40
    memset.o                     20
    packbits_init_single.o       56
    -------------------------------------------------
    Total:                      302

shb_l.a: [4]
    exit.o                       20
    unwind_debug.o                         1
    -------------------------------------------------
    Total:                       20        1

    Gaps                          7
    Linker created                        20    1'024
-----------------------------------------------------
    Grand Total:              3'587       47    1'077


*******************************************************************************
*** ENTRY LIST
***

Entry                       Address   Size  Type      Object
-----                       -------   ----  ----      ------
.iar.init_table$$Base    0x800'0c40          --   Gb  - Linker created -
.iar.init_table$$Limit   0x800'0c54          --   Gb  - Linker created -
?main                    0x800'0c8d         Code  Gb  cmain.o [3]
AHBPrescTable            0x800'0cfc   0x10  Data  Gb  system_stm32f1xx.o [1]
BusFault_Handler         0x800'0cdb    0x2  Code  Gb  stm32f1xx_it.o [1]
CSTACK$$Base            0x2000'0038          --   Gb  - Linker created -
CSTACK$$Limit           0x2000'0438          --   Gb  - Linker created -
DebugMon_Handler         0x800'0ce1    0x2  Code  Gb  stm32f1xx_it.o [1]
Error_Handler            0x800'09f9    0x4  Code  Gb  config.o [1]
HAL_Delay                0x800'0b75   0x28  Code  Wk  stm32f1xx_hal.o [1]
HAL_GPIO_Init            0x800'06c1  0x194  Code  Gb  stm32f1xx_hal_gpio.o [1]
HAL_GPIO_WritePin        0x800'0855    0x8  Code  Gb  stm32f1xx_hal_gpio.o [1]
HAL_GetTick              0x800'05c9    0xc  Code  Wk  stm32f1xx_hal.o [1]
HAL_IWDG_Init            0x800'0a61   0x56  Code  Gb  stm32f1xx_hal_iwdg.o [1]
HAL_IWDG_Refresh         0x800'0ab7    0xc  Code  Gb  stm32f1xx_hal_iwdg.o [1]
HAL_IncTick              0x800'0ce9   0x10  Code  Wk  stm32f1xx_hal.o [1]
HAL_Init                 0x800'0b25   0x20  Code  Gb  stm32f1xx_hal.o [1]
HAL_InitTick             0x800'05d5   0x40  Code  Wk  stm32f1xx_hal.o [1]
HAL_MspInit              0x800'0b9d   0x44  Code  Gb  stm32f1xx_hal_msp.o [1]
HAL_NVIC_SetPriority     0x800'0649   0x3a  Code  Gb  stm32f1xx_hal_cortex.o [1]
HAL_NVIC_SetPriorityGrouping
                         0x800'062f   0x1a  Code  Gb  stm32f1xx_hal_cortex.o [1]
HAL_RCC_ClockConfig      0x800'0445   0xf4  Code  Gb  stm32f1xx_hal_rcc.o [1]
HAL_RCC_GetSysClockFreq
                         0x800'054d   0x3a  Code  Gb  stm32f1xx_hal_rcc.o [1]
HAL_RCC_GetSysClockFreq::aPLLMULFactorTable
                         0x800'05b4   0x10  Data  Lc  stm32f1xx_hal_rcc.o [1]
HAL_RCC_GetSysClockFreq::aPredivFactorTable
                         0x800'05c4    0x2  Data  Lc  stm32f1xx_hal_rcc.o [1]
HAL_RCC_OscConfig        0x800'0131  0x30c  Code  Gb  stm32f1xx_hal_rcc.o [1]
HAL_SYSTICK_Config       0x800'0683   0x28  Code  Gb  stm32f1xx_hal_cortex.o [1]
HardFault_Handler        0x800'0cd7    0x2  Code  Gb  stm32f1xx_it.o [1]
LED::LED(GPIO_TypeDef *, unsigned short)
                         0x800'09fd    0xc  Code  Gb  module_led.o [1]
LED::off()               0x800'0a09    0xa  Code  Gb  module_led.o [1]
LED::toggle_On_OFF_time(uint32_t, uint32_t)::b_toggleStatusLED
                        0x2000'0034    0x1  Data  Lc  module_led.o [1]
LED::toggle_On_OFF_time(unsigned int, unsigned int)
                         0x800'0a13   0x4a  Code  Gb  module_led.o [1]
MX_GPIO_Init             0x800'0899   0x7c  Code  Gb  gpio.o [1]
MX_IWDG_Init             0x800'0b49   0x2c  Code  Gb  iwdg.o [1]
MemManage_Handler        0x800'0cd9    0x2  Code  Gb  stm32f1xx_it.o [1]
NMI_Handler              0x800'0cd5    0x2  Code  Gb  stm32f1xx_it.o [1]
PendSV_Handler           0x800'0ce3    0x2  Code  Gb  stm32f1xx_it.o [1]
Region$$Table$$Base      0x800'0c40          --   Gb  - Linker created -
Region$$Table$$Limit     0x800'0c54          --   Gb  - Linker created -
SHT$$INIT_ARRAY$$Base    0x800'0e18          --   Gb  - Linker created -
SHT$$INIT_ARRAY$$Limit   0x800'0e1c          --   Gb  - Linker created -
SHT$$PREINIT_ARRAY$$Base
                         0x800'0e18          --   Gb  - Linker created -
SHT$$PREINIT_ARRAY$$Limit
                         0x800'0e18          --   Gb  - Linker created -
SVC_Handler              0x800'0cdf    0x2  Code  Gb  stm32f1xx_it.o [1]
SysTick_Handler          0x800'0ce5    0x4  Code  Gb  stm32f1xx_it.o [1]
SystemClock_Config       0x800'098f   0x6a  Code  Gb  config.o [1]
SystemCoreClock         0x2000'0024    0x4  Data  Gb  system_stm32f1xx.o [1]
SystemInit               0x800'0cf9    0x2  Code  Gb  system_stm32f1xx.o [1]
UsageFault_Handler       0x800'0cdd    0x2  Code  Gb  stm32f1xx_it.o [1]
[local to stm32f1xx_hal_cortex_c]::__NVIC_SetPriority(IRQn_Type, unsigned int)
                         0x800'0615   0x1a  Code  Lc  stm32f1xx_hal_cortex.o [1]
__aeabi_memset           0x800'0929         Code  Gb  ABImemset.o [3]
__call_ctors             0x800'0c75   0x18  Code  Gb  cppinit.o [2]
__cmain                  0x800'0c8d         Code  Gb  cmain.o [3]
__exit                   0x800'0cc1   0x14  Code  Gb  exit.o [4]
__iar_Memset             0x800'0929         Code  Gb  ABImemset.o [3]
__iar_Memset_word        0x800'0931         Code  Gb  ABImemset.o [3]
__iar_cstart_call_ctors
                         0x800'0c55   0x20  Code  Gb  cmain_call_ctors.o [3]
__iar_data_init3         0x800'0c19   0x28  Code  Gb  data_init.o [3]
__iar_debug_exceptions   0x800'05c6    0x1  Data  Gb  unwind_debug.o [4]
__iar_packbits_init_single3
                         0x800'0be1   0x38  Code  Gb  packbits_init_single.o [3]
__iar_program_start      0x800'0d1d         Code  Gb  cstartup_M.o [3]
__iar_tls$$INIT_ARRAY$$Base
                         0x800'0e1c          --   Gb  - Linker created -
__iar_tls$$INIT_ARRAY$$Limit
                         0x800'0e1c          --   Gb  - Linker created -
__low_level_init         0x800'0cab    0x4  Code  Gb  low_level_init.o [2]
__sti__routine           0x800'0ac5    0xc  Code  Lc  main.o [1]
__vector_table           0x800'0000         Data  Gb  startup_stm32f103xe.o [1]
_call_main               0x800'0c99         Code  Gb  cmain.o [3]
_exit                    0x800'0cb5         Code  Gb  cexit.o [3]
_main                    0x800'0ca7         Code  Gb  cmain.o [3]
buzzer                  0x2000'0000    0x8  Data  Gb  main.o [1]
exit                     0x800'0caf    0x4  Code  Gb  exit.o [2]
hiwdg                   0x2000'0028    0xc  Data  Gb  iwdg.o [1]
ledMain                 0x2000'0008   0x10  Data  Gb  main.o [1]
main                     0x800'0ad1   0x44  Code  Gb  main.o [1]
memset                   0x800'0915   0x14  Code  Gb  memset.o [3]
uwTick                  0x2000'001c    0x4  Data  Gb  stm32f1xx_hal.o [1]
uwTickFreq              0x2000'0018    0x1  Data  Gb  stm32f1xx_hal.o [1]
uwTickPrio              0x2000'0020    0x4  Data  Gb  stm32f1xx_hal.o [1]


[1] = d:\4_cty\2_hoc_tap\5_github\STM32\STM32_OOP_Embedded\week-1\Day-2\Code-Day2\EWARM\Code-Day2\Obj
[2] = dl7M_tln.a
[3] = rt7M_tl.a
[4] = shb_l.a

  3'587 bytes of readonly  code memory
     47 bytes of readonly  data memory
  1'077 bytes of readwrite data memory

Errors: none
Warnings: none
